// Bun Snapshot v1, https://bun.sh/docs/test/snapshots

exports[`TSC: expressions typeGuardFunction 1`] = `
"class A {
	propA;
}
class B {
	propB;
}
class C extends A {
	propC;
}
var a;
var b;
// Basic
if (isC(a)) {
	a.propC;
}
// Sub type
var subType;
if (isA(subType)) {
	subType.propC;
}
// Union type
var union;
if (isA(union)) {
	union.propA;
}
// Call signature
// The parameter index and argument index for the type guard target is matching.
// The type predicate type is assignable to the parameter type.
if (isC_multipleParams(a, 0)) {
	a.propC;
}
// Methods
var obj;
class D {
	method1(p1) {
		return true;
	}
}
// Arrow function
let f1 = (p1) => false;
// Function type
// Function expressions
f2(function(p1) {
	return true;
});
// Evaluations are asssignable to boolean.
acceptingBoolean(isA(a));
// Type predicates with different parameter name.
acceptingTypeGuardFunction(isA);
// Binary expressions
let union2;
let union3 = isA(union2) || union2;
"
`;

exports[`TSC: expressions typeGuardFunctionGenerics 1`] = `
"class A {
	propA;
}
class B {
	propB;
}
class C extends A {
	propC;
}
let a;
let test1 = funA(isB);
if (funB(retC, a)) {
	a.propC;
}
let test2 = funC(isB);
if (funD(isC, a)) {
	a.propC;
}
let test3 = funE(isB, 1);
"
`;

exports[`TSC: expressions typeGuardFunctionOfFormThis 1`] = `
"class RoyalGuard {
	isLeader() {
		return this instanceof LeadGuard;
	}
	isFollower() {
		return this instanceof FollowerGuard;
	}
}
class LeadGuard extends RoyalGuard {
	lead() {
	}
}
class FollowerGuard extends RoyalGuard {
	follow() {
	}
}
let a = new FollowerGuard();
if (a.isLeader()) {
	a.lead();
} else if (a.isFollower()) {
	a.follow();
}
let b;
if (b.isLeader()) {
	b.lead();
} else if (b.isFollower()) {
	b.follow();
}
// if (((a.isLeader)())) {
//     a.lead();
// }
// else if (((a).isFollower())) {
//     a.follow();
// }
// if (((a["isLeader"])())) {
//     a.lead();
// }
// else if (((a)["isFollower"]())) {
//     a.follow();
// }
var holder2 = { a };
if (holder2.a.isLeader()) {
	holder2.a;
} else {
	holder2.a;
}
class ArrowGuard {
	isElite = () => {
		return this instanceof ArrowElite;
	};
	isMedic = () => {
		return this instanceof ArrowMedic;
	};
}
class ArrowElite extends ArrowGuard {
	defend() {
	}
}
class ArrowMedic extends ArrowGuard {
	heal() {
	}
}
let guard = new ArrowGuard();
if (guard.isElite()) {
	guard.defend();
} else if (guard.isMedic()) {
	guard.heal();
}
let crate;
if (crate.isSundries()) {
	crate.contents.broken = true;
} else if (crate.isSupplies()) {
	crate.contents.spoiled = true;
}
// Matching guards should be assignable
a.isFollower = b.isFollower;
a.isLeader = b.isLeader;
class MimicGuard {
	isLeader() {
		return this instanceof MimicLeader;
	}
	isFollower() {
		return this instanceof MimicFollower;
	}
}
class MimicLeader extends MimicGuard {
	lead() {
	}
}
class MimicFollower extends MimicGuard {
	follow() {
	}
}
let mimic = new MimicGuard();
a.isLeader = mimic.isLeader;
a.isFollower = mimic.isFollower;
if (mimic.isFollower()) {
	mimic.follow();
	mimic.isFollower = a.isFollower;
}
"
`;

exports[`TSC: expressions typeGuardFunctionOfFormThisErrors 1`] = `
"class RoyalGuard {
	isLeader() {
		return this instanceof LeadGuard;
	}
	isFollower() {
		return this instanceof FollowerGuard;
	}
}
class LeadGuard extends RoyalGuard {
	lead() {
	}
}
class FollowerGuard extends RoyalGuard {
	follow() {
	}
}
let a = new FollowerGuard();
let b = new LeadGuard();
// Mismatched guards shouldn't be assignable
b.isFollower = b.isLeader;
b.isLeader = b.isFollower;
a.isFollower = a.isLeader;
a.isLeader = a.isFollower;
function invalidGuard(c) {
	return false;
}
if (invalidGuard(c)) {
	c;
} else {
	c;
}
let holder = { invalidGuard };
if (holder.invalidGuard(c)) {
	c;
	holder;
} else {
	c;
	holder;
}
let detached = a.isFollower;
if (detached()) {
	a.follow();
} else {
	a.lead();
}
"
`;
